{
    "-profile test,singularity": {
        "content": [
            {
                "BRACKEN_BRACKEN": {
                    "bracken": "3.0.1"
                },
                "BRACKEN_READ_LENGTH": {
                    "bracken_read_length": "3.12.12"
                },
                "FASTP": {
                    "fastp": "1.1.0"
                },
                "FASTQC": {
                    "fastqc": "0.12.1"
                },
                "FASTQSCREEN": {
                    "fastqscreen": "0.16.0"
                },
                "GUNZIP_RRNA_FASTAS": {
                    "gunzip": 1.13
                },
                "KRAKEN2_KRAKEN2": {
                    "kraken2": "2.1.6",
                    "pigz": 2.8
                },
                "KRAKEN2_RATIOS": {
                    "gawk": "5.3.0, API 4.0, PMA Avon 8-g1, (GNU MPFR 4.2.1, GNU MP 6.3.0)"
                },
                "NGSCHECKMATE_FASTQ": {
                    "ngscheckmate": "1.0.1"
                },
                "NGSCHECKMATE_VAFNCM": {
                    "ngscheckmate": "1.0.1"
                },
                "SANKEY_PLOT": {
                    "r-highcharter": "0.9.4"
                },
                "SEQKIT_PAIR": {
                    "seqkit": "2.9.0"
                },
                "SEQKIT_SAMPLE": {
                    "seqkit": "2.13.0"
                },
                "SEQKIT_STATS": {
                    "seqkit": "2.9.0"
                },
                "SEQUALI": {
                    "sequali": "1.0.2"
                },
                "SORTMERNA": {
                    "sortmerna": "4.3.7"
                },
                "SORTMERNA_INDEX": {
                    "sortmerna": "4.3.7"
                },
                "UNTAR_FASTQSCREEN_DB": {
                    "untar": 1.34
                },
                "UNTAR_KRAKEN2_DB": {
                    "untar": 1.34
                },
                "Workflow": {
                    "TRON/qcpanda": "v2.0.0"
                }
            },
            [
                "bracken",
                "bracken/SAMPLE_PE_EQUAL.kraken2.report_bracken.txt",
                "bracken/SAMPLE_PE_EQUAL.tsv",
                "bracken/SAMPLE_PE_UNEQUAL.kraken2.report_bracken.txt",
                "bracken/SAMPLE_PE_UNEQUAL.tsv",
                "bracken/SAMPLE_SE.kraken2.report_bracken.txt",
                "bracken/SAMPLE_SE.tsv",
                "fastp",
                "fastp/SAMPLE_PE_EQUAL.fastp.html",
                "fastp/SAMPLE_PE_EQUAL.fastp.json",
                "fastp/SAMPLE_PE_EQUAL.fastp.log",
                "fastp/SAMPLE_PE_EQUAL_R1.fastp.fastq.gz",
                "fastp/SAMPLE_PE_EQUAL_R2.fastp.fastq.gz",
                "fastp/SAMPLE_PE_UNEQUAL.fastp.html",
                "fastp/SAMPLE_PE_UNEQUAL.fastp.json",
                "fastp/SAMPLE_PE_UNEQUAL.fastp.log",
                "fastp/SAMPLE_PE_UNEQUAL_R1.fastp.fastq.gz",
                "fastp/SAMPLE_PE_UNEQUAL_R2.fastp.fastq.gz",
                "fastp/SAMPLE_SE.fastp.fastq.gz",
                "fastp/SAMPLE_SE.fastp.html",
                "fastp/SAMPLE_SE.fastp.json",
                "fastp/SAMPLE_SE.fastp.log",
                "fastq_screen",
                "fastq_screen/SAMPLE_PE_EQUAL_1.fastq.gz",
                "fastq_screen/SAMPLE_PE_EQUAL_1_screen.html",
                "fastq_screen/SAMPLE_PE_EQUAL_1_screen.png",
                "fastq_screen/SAMPLE_PE_EQUAL_1_screen.txt",
                "fastq_screen/SAMPLE_PE_EQUAL_2.fastq.gz",
                "fastq_screen/SAMPLE_PE_EQUAL_2_screen.html",
                "fastq_screen/SAMPLE_PE_EQUAL_2_screen.png",
                "fastq_screen/SAMPLE_PE_EQUAL_2_screen.txt",
                "fastq_screen/SAMPLE_PE_UNEQUAL_1.fastq.gz",
                "fastq_screen/SAMPLE_PE_UNEQUAL_1_screen.html",
                "fastq_screen/SAMPLE_PE_UNEQUAL_1_screen.png",
                "fastq_screen/SAMPLE_PE_UNEQUAL_1_screen.txt",
                "fastq_screen/SAMPLE_PE_UNEQUAL_2.fastq.gz",
                "fastq_screen/SAMPLE_PE_UNEQUAL_2_screen.html",
                "fastq_screen/SAMPLE_PE_UNEQUAL_2_screen.png",
                "fastq_screen/SAMPLE_PE_UNEQUAL_2_screen.txt",
                "fastq_screen/SAMPLE_SE_1.fastq.gz",
                "fastq_screen/SAMPLE_SE_1_screen.html",
                "fastq_screen/SAMPLE_SE_1_screen.png",
                "fastq_screen/SAMPLE_SE_1_screen.txt",
                "fastqc",
                "fastqc/SAMPLE_PE_EQUAL_1_fastqc.html",
                "fastqc/SAMPLE_PE_EQUAL_1_fastqc.zip",
                "fastqc/SAMPLE_PE_EQUAL_2_fastqc.html",
                "fastqc/SAMPLE_PE_EQUAL_2_fastqc.zip",
                "fastqc/SAMPLE_PE_UNEQUAL_1_fastqc.html",
                "fastqc/SAMPLE_PE_UNEQUAL_1_fastqc.zip",
                "fastqc/SAMPLE_PE_UNEQUAL_2_fastqc.html",
                "fastqc/SAMPLE_PE_UNEQUAL_2_fastqc.zip",
                "fastqc/SAMPLE_SE_fastqc.html",
                "fastqc/SAMPLE_SE_fastqc.zip",
                "kraken2",
                "kraken2/SAMPLE_PE_EQUAL.kraken2.report.txt",
                "kraken2/SAMPLE_PE_UNEQUAL.kraken2.report.txt",
                "kraken2/SAMPLE_SE.kraken2.report.txt",
                "merge",
                "merge/fastqs_under_th.txt",
                "multiqc",
                "multiqc/multiqc_config.yaml",
                "multiqc/multiqc_data",
                "multiqc/multiqc_data/fastp-insert-size-plot.txt",
                "multiqc/multiqc_data/fastp-seq-content-gc-plot_Read_1_After_filtering.txt",
                "multiqc/multiqc_data/fastp-seq-content-gc-plot_Read_1_Before_filtering.txt",
                "multiqc/multiqc_data/fastp-seq-content-gc-plot_Read_2_After_filtering.txt",
                "multiqc/multiqc_data/fastp-seq-content-gc-plot_Read_2_Before_filtering.txt",
                "multiqc/multiqc_data/fastp-seq-content-n-plot_Read_1_After_filtering.txt",
                "multiqc/multiqc_data/fastp-seq-content-n-plot_Read_1_Before_filtering.txt",
                "multiqc/multiqc_data/fastp-seq-content-n-plot_Read_2_After_filtering.txt",
                "multiqc/multiqc_data/fastp-seq-content-n-plot_Read_2_Before_filtering.txt",
                "multiqc/multiqc_data/fastp-seq-quality-plot_Read_1_After_filtering.txt",
                "multiqc/multiqc_data/fastp-seq-quality-plot_Read_1_Before_filtering.txt",
                "multiqc/multiqc_data/fastp-seq-quality-plot_Read_2_After_filtering.txt",
                "multiqc/multiqc_data/fastp-seq-quality-plot_Read_2_Before_filtering.txt",
                "multiqc/multiqc_data/fastp_filtered_reads_plot.txt",
                "multiqc/multiqc_data/fastq_screen_plot.txt",
                "multiqc/multiqc_data/fastqc-status-check-heatmap.txt",
                "multiqc/multiqc_data/fastqc_adapter_content_plot.txt",
                "multiqc/multiqc_data/fastqc_per_base_n_content_plot.txt",
                "multiqc/multiqc_data/fastqc_per_base_sequence_quality_plot.txt",
                "multiqc/multiqc_data/fastqc_per_sequence_gc_content_plot_Counts.txt",
                "multiqc/multiqc_data/fastqc_per_sequence_gc_content_plot_Percentages.txt",
                "multiqc/multiqc_data/fastqc_per_sequence_quality_scores_plot.txt",
                "multiqc/multiqc_data/fastqc_sequence_counts_plot.txt",
                "multiqc/multiqc_data/fastqc_sequence_duplication_levels_plot.txt",
                "multiqc/multiqc_data/fastqc_sequence_length_distribution_plot.txt",
                "multiqc/multiqc_data/fastqc_top_overrepresented_sequences_table.txt",
                "multiqc/multiqc_data/kraken-top-n-plot_Class.txt",
                "multiqc/multiqc_data/kraken-top-n-plot_Domain.txt",
                "multiqc/multiqc_data/kraken-top-n-plot_Family.txt",
                "multiqc/multiqc_data/kraken-top-n-plot_Genus.txt",
                "multiqc/multiqc_data/kraken-top-n-plot_Order.txt",
                "multiqc/multiqc_data/kraken-top-n-plot_Phylum.txt",
                "multiqc/multiqc_data/kraken-top-n-plot_Species.txt",
                "multiqc/multiqc_data/kraken-top-n-plot_Unclassified.txt",
                "multiqc/multiqc_data/llms-full.txt",
                "multiqc/multiqc_data/multiqc.log",
                "multiqc/multiqc_data/multiqc.parquet",
                "multiqc/multiqc_data/multiqc_bracken_bargraph_plot.txt",
                "multiqc/multiqc_data/multiqc_citations.txt",
                "multiqc/multiqc_data/multiqc_data.json",
                "multiqc/multiqc_data/multiqc_fastp.txt",
                "multiqc/multiqc_data/multiqc_fastq_screen.txt",
                "multiqc/multiqc_data/multiqc_fastqc.txt",
                "multiqc/multiqc_data/multiqc_general_stats.txt",
                "multiqc/multiqc_data/multiqc_kraken.txt",
                "multiqc/multiqc_data/multiqc_sequali.txt",
                "multiqc/multiqc_data/multiqc_software_versions.txt",
                "multiqc/multiqc_data/multiqc_sortmerna.txt",
                "multiqc/multiqc_data/multiqc_sources.txt",
                "multiqc/multiqc_data/sequali_adapter_content_from_overlap_table.txt",
                "multiqc/multiqc_data/sequali_adapter_content_plot.txt",
                "multiqc/multiqc_data/sequali_insert_size_distribution_plot.txt",
                "multiqc/multiqc_data/sequali_most_common_adapters_read_1.txt",
                "multiqc/multiqc_data/sequali_most_common_adapters_read_2.txt",
                "multiqc/multiqc_data/sequali_per_position_gc_content_plot_read1.txt",
                "multiqc/multiqc_data/sequali_per_position_gc_content_plot_read2.txt",
                "multiqc/multiqc_data/sequali_per_position_quality_plot_read1.txt",
                "multiqc/multiqc_data/sequali_per_position_quality_plot_read2.txt",
                "multiqc/multiqc_data/sequali_per_sequence_gc_content_plot_read1.txt",
                "multiqc/multiqc_data/sequali_per_sequence_gc_content_plot_read2.txt",
                "multiqc/multiqc_data/sequali_per_sequence_quality_scores_plot_read1.txt",
                "multiqc/multiqc_data/sequali_per_sequence_quality_scores_plot_read2.txt",
                "multiqc/multiqc_data/sequali_sequence_counts_plot.txt",
                "multiqc/multiqc_data/sequali_sequence_duplication_levels_plot.txt",
                "multiqc/multiqc_data/sequali_sequence_length_distribution_plot_read1.txt",
                "multiqc/multiqc_data/sequali_sequence_length_distribution_plot_read2.txt",
                "multiqc/multiqc_data/sortmerna-detailed-plot.txt",
                "multiqc/multiqc_report.html",
                "ngscheckmate",
                "ngscheckmate/ngscm_plots",
                "ngscheckmate/ngscm_plots/01_ngscheck_pairs.tsv",
                "ngscheckmate/ngscm_plots/02_clustering.png",
                "ngscheckmate/ngscm_plots/03_heatmap.png",
                "ngscheckmate/ngscm_plots/04_distribution.png",
                "ngscheckmate/ngscm_plots/05_homozygosity.tsv",
                "ngscheckmate/ngscm_plots/06_homozygosity.png",
                "ngscheckmate/ngscm_table.tsv",
                "ngscheckmate/output_corr_matrix.txt",
                "ngscheckmate/snp_pt.pdf",
                "ngscheckmate/snp_pt_all.txt",
                "ngscheckmate/snp_pt_matched.txt",
                "ngscheckmate/vafs",
                "ngscheckmate/vafs/SAMPLE_PE_EQUAL.vaf",
                "ngscheckmate/vafs/SAMPLE_PE_UNEQUAL.vaf",
                "ngscheckmate/vafs/SAMPLE_SE.vaf",
                "pipeline_info",
                "pipeline_info/qcpanda_software_mqc_versions.yml",
                "sankey_plots",
                "sankey_plots/SAMPLE_PE_EQUAL_sankey_plot.html",
                "sankey_plots/SAMPLE_PE_UNEQUAL_sankey_plot.html",
                "sankey_plots/SAMPLE_SE_sankey_plot.html",
                "seqkit",
                "seqkit/fastqs_under_th_SAMPLE_PE_EMPTY.txt",
                "seqkit/fastqs_under_th_SAMPLE_SE_EMPTY.txt",
                "seqkit/pair",
                "seqkit/pair/SAMPLE_PE_UNEQUAL_1.paired.fastq.gz",
                "seqkit/pair/SAMPLE_PE_UNEQUAL_2.paired.fastq.gz",
                "seqkit/sample",
                "seqkit/sample/SAMPLE_PE_EQUAL_R1.sampled.fastq.gz",
                "seqkit/sample/SAMPLE_PE_EQUAL_R2.sampled.fastq.gz",
                "seqkit/sample/SAMPLE_PE_UNEQUAL_R1.sampled.fastq.gz",
                "seqkit/sample/SAMPLE_PE_UNEQUAL_R2.sampled.fastq.gz",
                "seqkit/sample/SAMPLE_SE_R1.sampled.fastq.gz",
                "seqkit/stats",
                "seqkit/stats/SAMPLE_PE_EMPTY.tsv",
                "seqkit/stats/SAMPLE_PE_EQUAL.tsv",
                "seqkit/stats/SAMPLE_PE_UNEQUAL.tsv",
                "seqkit/stats/SAMPLE_SE.tsv",
                "seqkit/stats/SAMPLE_SE_EMPTY.tsv",
                "sequali",
                "sequali/SAMPLE_PE_EQUAL.html",
                "sequali/SAMPLE_PE_EQUAL.json",
                "sequali/SAMPLE_PE_UNEQUAL.html",
                "sequali/SAMPLE_PE_UNEQUAL.json",
                "sequali/SAMPLE_SE.html",
                "sequali/SAMPLE_SE.json",
                "sortmerna",
                "sortmerna/SAMPLE_PE_EQUAL.sortmerna.log",
                "sortmerna/SAMPLE_PE_UNEQUAL.sortmerna.log",
                "sortmerna/SAMPLE_SE.sortmerna.log",
                "sortmerna/idx",
                "sortmerna/idx/10681887787591324955.bursttrie_0.dat",
                "sortmerna/idx/10681887787591324955.kmer_0.dat",
                "sortmerna/idx/10681887787591324955.pos_0.dat",
                "sortmerna/idx/10681887787591324955.stats",
                "sortmerna/idx/2169995244134016533.bursttrie_0.dat",
                "sortmerna/idx/2169995244134016533.kmer_0.dat",
                "sortmerna/idx/2169995244134016533.pos_0.dat",
                "sortmerna/idx/2169995244134016533.stats"
            ],
            [
                "SAMPLE_PE_EQUAL.kraken2.report_bracken.txt:md5,ed3623fcdc56f607b7f790677043c6d8",
                "SAMPLE_PE_EQUAL.tsv:md5,263be96e7100401dcbc01c1aedd9d4da",
                "SAMPLE_PE_UNEQUAL.kraken2.report_bracken.txt:md5,86c3ebfaf4abc73cbb16122d2a38a75f",
                "SAMPLE_PE_UNEQUAL.tsv:md5,bbb94ee98042909dd5c855c49a8d4fb3",
                "SAMPLE_SE.kraken2.report_bracken.txt:md5,d66ec4713f046a7113162681694e1724",
                "SAMPLE_SE.tsv:md5,5b45c0b919945e8c42f3eb87987c1951",
                "SAMPLE_PE_EQUAL.fastp.json:md5,46928c50ae714591117aa7f4ddca4174",
                "SAMPLE_PE_EQUAL_R1.fastp.fastq.gz:md5,47972ecc91259698338738c8b599571a",
                "SAMPLE_PE_EQUAL_R2.fastp.fastq.gz:md5,e9d0bf839392d08596582730929fb4ab",
                "SAMPLE_PE_UNEQUAL.fastp.json:md5,1dadb99e1c235237bf879fb7cb4a064e",
                "SAMPLE_PE_UNEQUAL_R1.fastp.fastq.gz:md5,b68b2edc6fbc7ffb10ce2f64ab44e798",
                "SAMPLE_PE_UNEQUAL_R2.fastp.fastq.gz:md5,01a781e208fea74bfd6deadb840d7da7",
                "SAMPLE_SE.fastp.fastq.gz:md5,076a5f42024bec93f5452d43bb74fd68",
                "SAMPLE_SE.fastp.json:md5,24e6cac3389bc0c812b5b4cd581aab42",
                "SAMPLE_PE_EQUAL_1.fastq.gz:md5,a42f94eeb36d443f169f274e2f0ae161",
                "SAMPLE_PE_EQUAL_1_screen.txt:md5,256897013b3006cbee3c26190914052c",
                "SAMPLE_PE_EQUAL_2.fastq.gz:md5,55395b2745aa27534abe4f6c53c1722c",
                "SAMPLE_PE_EQUAL_2_screen.txt:md5,0d77e624d5fc529d636a5e6f039ef13d",
                "SAMPLE_PE_UNEQUAL_1.fastq.gz:md5,d089a08e67e14541008fd0c9d576af73",
                "SAMPLE_PE_UNEQUAL_1_screen.txt:md5,15df11ef9184f0c3bb217dbea6d56567",
                "SAMPLE_PE_UNEQUAL_2.fastq.gz:md5,dc495444eefed955de880ebf22660997",
                "SAMPLE_PE_UNEQUAL_2_screen.txt:md5,15df11ef9184f0c3bb217dbea6d56567",
                "SAMPLE_SE_1.fastq.gz:md5,a42f94eeb36d443f169f274e2f0ae161",
                "SAMPLE_SE_1_screen.txt:md5,256897013b3006cbee3c26190914052c",
                "SAMPLE_PE_EQUAL.kraken2.report.txt:md5,593f9e96de294b6fbd1168eb37f58b45",
                "SAMPLE_PE_UNEQUAL.kraken2.report.txt:md5,83efc2aabc9bcd181d00bb75cf992c8b",
                "SAMPLE_SE.kraken2.report.txt:md5,0860d336b240ea1b0b61902006d4a846",
                "fastqs_under_th.txt:md5,4355b7d59b5cd65f2300aa48e7046a23",
                "fastp-insert-size-plot.txt:md5,ed8225e32813eb6490c8ab81e3715f41",
                "fastp-seq-content-gc-plot_Read_1_After_filtering.txt:md5,883962343d60d841dba8c1f15a339ccd",
                "fastp-seq-content-gc-plot_Read_1_Before_filtering.txt:md5,6ae7f4e699bea8e6f3a72c649a664ec7",
                "fastp-seq-content-gc-plot_Read_2_After_filtering.txt:md5,353029aa7a7392b191f325d743f6b143",
                "fastp-seq-content-gc-plot_Read_2_Before_filtering.txt:md5,26e8f8221f078fe0c5e7d27c52bcd18b",
                "fastp-seq-content-n-plot_Read_1_After_filtering.txt:md5,a21659f2027231282488c81a0682b3ad",
                "fastp-seq-content-n-plot_Read_1_Before_filtering.txt:md5,7f39a23bdbfb5f41c74791f79c269d80",
                "fastp-seq-content-n-plot_Read_2_After_filtering.txt:md5,74ab479a699078cda8f93e9c20cc5a94",
                "fastp-seq-content-n-plot_Read_2_Before_filtering.txt:md5,90b3280246dc87057a82f8f4f740215b",
                "fastp-seq-quality-plot_Read_1_After_filtering.txt:md5,3517f7b74051b9eaad68b7e21ced40cc",
                "fastp-seq-quality-plot_Read_1_Before_filtering.txt:md5,4e08d25566e5f62839e9f3597e5daeb8",
                "fastp-seq-quality-plot_Read_2_After_filtering.txt:md5,5c301c23be412593a77aa20f507e567e",
                "fastp-seq-quality-plot_Read_2_Before_filtering.txt:md5,0a37b78e1ce8f315cdf0c5b9627b5fde",
                "fastp_filtered_reads_plot.txt:md5,018cb9d9e69200a989dba44b7285d9ae",
                "fastq_screen_plot.txt:md5,9fc2401d1d23a221ad5396bc30883ee8",
                "fastqc-status-check-heatmap.txt:md5,49590303b81fc7a19038d61bbebc8657",
                "fastqc_adapter_content_plot.txt:md5,9622126dc39df1b285ed1e4d22480586",
                "fastqc_per_base_n_content_plot.txt:md5,5e6dc3d3d99fdcb7478267b28a349e86",
                "fastqc_per_base_sequence_quality_plot.txt:md5,32f88410a4b0e3dcfac13eb0a9e246f3",
                "fastqc_per_sequence_gc_content_plot_Counts.txt:md5,90e1360f81fb3eb66c36cc6fba02c911",
                "fastqc_per_sequence_gc_content_plot_Percentages.txt:md5,a0f3c2e71065b46ea7fa7481f8a9fce8",
                "fastqc_per_sequence_quality_scores_plot.txt:md5,4ca9365d650d8ac21c2d1b2af0beb70e",
                "fastqc_sequence_counts_plot.txt:md5,d1723deb5c4eaf28c39bb3138d7fc2af",
                "fastqc_sequence_duplication_levels_plot.txt:md5,e7b7bb2bbfff2cfc874eaa26c3aaf16e",
                "fastqc_sequence_length_distribution_plot.txt:md5,af4f01a2f5688285d6fb72bc57771fd0",
                "kraken-top-n-plot_Class.txt:md5,e26ef958e9bdda02340bc364ad386056",
                "kraken-top-n-plot_Domain.txt:md5,16181aa02653c2307ffc9ad742765c71",
                "kraken-top-n-plot_Family.txt:md5,e18b66870f72713475a5e5d3baf86be9",
                "kraken-top-n-plot_Genus.txt:md5,5e60764ae9b294264ee6b93edb269361",
                "kraken-top-n-plot_Order.txt:md5,949ed4c6b08ab6804b9c4d89832288e6",
                "kraken-top-n-plot_Phylum.txt:md5,725ff66b58a1eae57082e1ee532fa639",
                "kraken-top-n-plot_Species.txt:md5,f9c474a155bd0aea1599aa23b7fc6969",
                "kraken-top-n-plot_Unclassified.txt:md5,7bf0f6ba5aba20cc7d3da904ea81571e",
                "multiqc_bracken_bargraph_plot.txt:md5,78b827b3f39774039fd46c35917c26e1",
                "multiqc_citations.txt:md5,ef2b7be140036c14b5e804ca9f6d5ba8",
                "multiqc_fastp.txt:md5,294cf56718dde2956a63758c9d2d2de2",
                "multiqc_fastq_screen.txt:md5,51f76920fcf29ceb0c995c785bf234c0",
                "multiqc_fastqc.txt:md5,a4592ed91e436128d495129591c65e02",
                "multiqc_general_stats.txt:md5,2ea1f844e0d31e3570925c88fe1504d0",
                "multiqc_kraken.txt:md5,4e0b0cf905a7bd5dee5dccc17070b224",
                "multiqc_sequali.txt:md5,8da211308ae4573008a6caff8ad7a85b",
                "multiqc_sortmerna.txt:md5,d6555895cfdddf75e6455ae5635cccdf",
                "sequali_adapter_content_from_overlap_table.txt:md5,9d462a0c57eacba79ff3e4f0453b0016",
                "sequali_adapter_content_plot.txt:md5,c4937fa12b378ff007cb5de1f11475e8",
                "sequali_insert_size_distribution_plot.txt:md5,6e6cea60c2652ccedf0090b72a439db7",
                "sequali_most_common_adapters_read_1.txt:md5,cdd20884d54cae0584b6f24e28d35e2f",
                "sequali_most_common_adapters_read_2.txt:md5,c6c8f103d483ad607b01c91f4db91000",
                "sequali_per_position_gc_content_plot_read1.txt:md5,ad6e3646cf154173609374dc099eef4c",
                "sequali_per_position_gc_content_plot_read2.txt:md5,b838ccf28ff3d10178d3c270a87d4831",
                "sequali_per_position_quality_plot_read1.txt:md5,ee202f1a96185457c16fa394f4b14012",
                "sequali_per_position_quality_plot_read2.txt:md5,f8d3583cfe575cd0f8a4330faa620382",
                "sequali_per_sequence_gc_content_plot_read1.txt:md5,f2a3263ef73f047a2f772791815c3b7e",
                "sequali_per_sequence_gc_content_plot_read2.txt:md5,ef10000a400931c07933295f8f30e081",
                "sequali_per_sequence_quality_scores_plot_read1.txt:md5,e248c1c223a4712252b73925e6c981da",
                "sequali_per_sequence_quality_scores_plot_read2.txt:md5,c02f5d6cbdefbded2896138b2b391a46",
                "sequali_sequence_counts_plot.txt:md5,155d37b7f3c8277839de92e10adae486",
                "sequali_sequence_duplication_levels_plot.txt:md5,c3d8106ad3c5e6aa4f979421166aedce",
                "sequali_sequence_length_distribution_plot_read1.txt:md5,b9f5ef6af72d001ae06c1dd12bad29c6",
                "sequali_sequence_length_distribution_plot_read2.txt:md5,a81db910910afb229906af92ed02a2df",
                "sortmerna-detailed-plot.txt:md5,3c594b5ba8ac403b509f316998037b12",
                "fastqs_under_th_SAMPLE_PE_EMPTY.txt:md5,e0a6a9bb08069d030deea0daf6d83cdb",
                "fastqs_under_th_SAMPLE_SE_EMPTY.txt:md5,998a8b28b6547a72963a23ba5907026c",
                "SAMPLE_PE_UNEQUAL_1.paired.fastq.gz:md5,d089a08e67e14541008fd0c9d576af73",
                "SAMPLE_PE_UNEQUAL_2.paired.fastq.gz:md5,dc495444eefed955de880ebf22660997",
                "SAMPLE_PE_EQUAL_R1.sampled.fastq.gz:md5,a42f94eeb36d443f169f274e2f0ae161",
                "SAMPLE_PE_EQUAL_R2.sampled.fastq.gz:md5,55395b2745aa27534abe4f6c53c1722c",
                "SAMPLE_PE_UNEQUAL_R1.sampled.fastq.gz:md5,d089a08e67e14541008fd0c9d576af73",
                "SAMPLE_PE_UNEQUAL_R2.sampled.fastq.gz:md5,dc495444eefed955de880ebf22660997",
                "SAMPLE_SE_R1.sampled.fastq.gz:md5,a42f94eeb36d443f169f274e2f0ae161",
                "SAMPLE_PE_EMPTY.tsv:md5,db1d8098fba21ca3be9934a6cc0dde37",
                "SAMPLE_PE_EQUAL.tsv:md5,fb18d5b33212140da7406b97f3589785",
                "SAMPLE_PE_UNEQUAL.tsv:md5,e4b0cc4307d82b47660e8f814b72fdd5",
                "SAMPLE_SE.tsv:md5,163dd1f205b25a254a1c810ea4c98523",
                "SAMPLE_SE_EMPTY.tsv:md5,db1d8098fba21ca3be9934a6cc0dde37",
                "SAMPLE_PE_EQUAL.json:md5,f1cc3b7351be0da02790ae5f77388d8a",
                "SAMPLE_PE_UNEQUAL.json:md5,1dca98d01d0ade475c335e359eb4c8e4",
                "SAMPLE_SE.json:md5,3785aff18d4eafd0e585b61088fa7110",
                "10681887787591324955.bursttrie_0.dat:md5,a220b0c9ac2900a636c4159152983296",
                "10681887787591324955.kmer_0.dat:md5,eb75c955ae487d27d0f8f7422fa04f57",
                "10681887787591324955.pos_0.dat:md5,dba3847bc6e96a35ad9ab3a6c8037c98",
                "2169995244134016533.bursttrie_0.dat:md5,fed4cd10c8ed1eef947c4db3ee8e880f",
                "2169995244134016533.kmer_0.dat:md5,e8a53d041785cb95bdce04708efe8f7d",
                "2169995244134016533.pos_0.dat:md5,2cbda1fb789f7f28d1e689d0a57443e1"
            ]
        ],
        "timestamp": "2026-05-23T18:38:29.755061311",
        "meta": {
            "nf-test": "0.9.5",
            "nextflow": "26.04.0"
        }
    },
    "-profile test,singularity --skip_seqkit_sana false": {
        "content": [
            {
                "SEQKIT_SANA": {
                    "seqkit": "2.10.1"
                },
                "SEQKIT_STATS": {
                    "seqkit": "2.9.0"
                },
                "Workflow": {
                    "TRON/qcpanda": "v2.0.0"
                }
            },
            [
                "multiqc",
                "multiqc/multiqc_config.yaml",
                "multiqc/multiqc_data",
                "multiqc/multiqc_data/llms-full.txt",
                "multiqc/multiqc_data/multiqc.log",
                "multiqc/multiqc_data/multiqc.parquet",
                "multiqc/multiqc_data/multiqc_citations.txt",
                "multiqc/multiqc_data/multiqc_data.json",
                "multiqc/multiqc_data/multiqc_software_versions.txt",
                "multiqc/multiqc_data/multiqc_sources.txt",
                "multiqc/multiqc_report.html",
                "pipeline_info",
                "pipeline_info/qcpanda_software_mqc_versions.yml",
                "seqkit",
                "seqkit/sana",
                "seqkit/sana/SAMPLE_PE_EQUAL_1.fastq.gz",
                "seqkit/sana/SAMPLE_PE_EQUAL_1.log",
                "seqkit/sana/SAMPLE_PE_EQUAL_2.fastq.gz",
                "seqkit/sana/SAMPLE_PE_EQUAL_2.log",
                "seqkit/sana/SAMPLE_SE_1.fastq.gz",
                "seqkit/sana/SAMPLE_SE_1.log",
                "seqkit/stats",
                "seqkit/stats/SAMPLE_PE_EQUAL.tsv",
                "seqkit/stats/SAMPLE_SE.tsv"
            ],
            [
                "multiqc_citations.txt:md5,4c806e63a283ec1b7e78cdae3a923d4f",
                "SAMPLE_PE_EQUAL_1.fastq.gz:md5,a42f94eeb36d443f169f274e2f0ae161",
                "SAMPLE_PE_EQUAL_1.log:md5,449ada13f517be6b88b56ed62d7233b2",
                "SAMPLE_PE_EQUAL_2.fastq.gz:md5,55395b2745aa27534abe4f6c53c1722c",
                "SAMPLE_PE_EQUAL_2.log:md5,e3d91ef90ee8cf238a5441b68cf248c4",
                "SAMPLE_SE_1.fastq.gz:md5,a42f94eeb36d443f169f274e2f0ae161",
                "SAMPLE_SE_1.log:md5,449ada13f517be6b88b56ed62d7233b2",
                "SAMPLE_SE.tsv:md5,b65afddf5481c2708b884007dc28bdf4"
            ]
        ],
        "timestamp": "2026-05-23T18:40:46.417691315",
        "meta": {
            "nf-test": "0.9.5",
            "nextflow": "26.04.0"
        }
    }
}