{
    "-profile test,singularity --skip_seqkit_pair true --skip_fastqc true --skip_fastp true --skip_sequali true --skip_sortmerna true --skip_fastq_screen true --skip_kraken2 true --skip_seqkit_sana true --skip_bracken true --skip_sankey true --skip_ngscm true": {
        "content": [
            6,
            {
                "SEQKIT_STATS": {
                    "seqkit": "2.9.0"
                }
            },
            [
                "multiqc",
                "multiqc/multiqc_config.yaml",
                "multiqc/multiqc_data",
                "multiqc/multiqc_data/llms-full.txt",
                "multiqc/multiqc_data/multiqc.log",
                "multiqc/multiqc_data/multiqc.parquet",
                "multiqc/multiqc_data/multiqc_citations.txt",
                "multiqc/multiqc_data/multiqc_data.json",
                "multiqc/multiqc_data/multiqc_software_versions.txt",
                "multiqc/multiqc_data/multiqc_sources.txt",
                "multiqc/multiqc_report.html",
                "pipeline_info",
                "pipeline_info/qcpanda_software_mqc_versions.yml",
                "seqkit",
                "seqkit/stats",
                "seqkit/stats/SAMPLE_PE_EQUAL.tsv",
                "seqkit/stats/SAMPLE_PE_UNEQUAL.tsv"
            ],
            [
                "multiqc_citations.txt:md5,4c806e63a283ec1b7e78cdae3a923d4f",
                "SAMPLE_PE_EQUAL.tsv:md5,fb18d5b33212140da7406b97f3589785",
                "SAMPLE_PE_UNEQUAL.tsv:md5,e4b0cc4307d82b47660e8f814b72fdd5"
            ]
        ],
        "timestamp": "2026-06-05T12:43:28.724715341",
        "meta": {
            "nf-test": "0.9.5",
            "nextflow": "26.04.0"
        }
    }
}